// Jest Snapshot v1, https://goo.gl/fbAQLP

exports[`TextInput should renders correctly 1`] = `
<input
  className="textInput"
  name="test"
  type="text"
/>
`;
