// Jest Snapshot v1, https://goo.gl/fbAQLP

exports[`Checkbox should renders correctly 1`] = `
<label>
  <input
    className="checkbox"
    onChange={[Function]}
    type="checkbox"
  />
</label>
`;
